[
  [
    [
      152,
      66,
      14,
      240,
      200,
      65,
      104,
      17,
      255,
      114,
      245,
      38,
      0,
      190,
      203,
      19,
      189,
      251,
      178,
      124,
      92,
      82,
      231,
      202,
      99,
      216,
      82,
      83,
      118,
      126,
      36,
      36
    ],
    255
  ],
  [
    [
      156,
      26,
      70,
      167,
      14,
      83,
      168,
      80,
      116,
      78,
      214,
      219,
      155,
      91,
      44,
      171,
      140,
      252,
      203,
      142,
      15,
      9,
      60,
      147,
      97,
      68,
      52,
      187,
      249,
      194,
      43,
      140
    ],
    255
  ]
]