[
  [
    [
      22,
      183,
      131,
      12,
      63,
      138,
      68,
      200,
      16,
      202,
      135,
      222,
      86,
      224,
      50,
      136,
      156,
      53,
      142,
      199,
      93,
      71,
      50,
      191,
      115,
      97,
      134,
      38,
      88,
      172,
      178,
      175
    ],
    254
  ],
  [
    [
      62,
      189,
      233,
      14,
      14,
      189,
      51,
      10,
      182,
      176,
      212,
      193,
      112,
      222,
      139,
      131,
      105,
      131,
      240,
      183,
      69,
      181,
      179,
      88,
      62,
      21,
      129,
      196,
      8,
      73,
      187,
      28
    ],
    254
  ],
  [
    [
      239,
      68,
      123,
      97,
      53,
      227,
      205,
      42,
      101,
      167,
      46,
      85,
      254,
      169,
      244,
      189,
      63,
      240,
      39,
      198,
      198,
      41,
      27,
      120,
      44,
      33,
      92,
      122,
      122,
      119,
      68,
      164
    ],
    254
  ],
  [
    [
      167,
      76,
      118,
      163,
      51,
      60,
      161,
      233,
      196,
      5,
      219,
      33,
      123,
      46,
      120,
      213,
      108,
      175,
      192,
      138,
      97,
      42,
      203,
      66,
      239,
      240,
      198,
      50,
      143,
      143,
      214,
      223
    ],
    255
  ],
  [
    [
      92,
      243,
      186,
      27,
      199,
      15,
      98,
      66,
      24,
      241,
      7,
      151,
      193,
      165,
      81,
      53,
      106,
      222,
      171,
      206,
      75,
      161,
      15,
      9,
      237,
      201,
      224,
      186,
      78,
      69,
      140,
      252
    ],
    252
  ],
  [
    [
      100,
      173,
      223,
      243,
      47,
      126,
      112,
      240,
      100,
      170,
      235,
      113,
      153,
      72,
      97,
      38,
      223,
      106,
      191,
      167,
      225,
      179,
      61,
      65,
      164,
      103,
      63,
      171,
      23,
      134,
      133,
      52
    ],
    252
  ]
]