[
  [
    [
      220,
      118,
      166,
      231,
      177,
      48,
      209,
      71,
      123,
      149,
      91,
      226,
      59,
      116,
      130,
      77,
      94,
      91,
      225,
      131,
      221,
      89,
      209,
      2,
      135,
      174,
      29,
      51,
      86,
      153,
      149,
      47
    ],
    255
  ],
  [
    [
      2,
      160,
      213,
      189,
      197,
      43,
      100,
      103,
      153,
      154,
      57,
      124,
      68,
      69,
      138,
      197,
      118,
      252,
      79,
      137,
      145,
      36,
      70,
      213,
      156,
      91,
      46,
      214,
      98,
      181,
      191,
      185
    ],
    255
  ]
]