[
  [
    [
      222,
      134,
      105,
      90,
      56,
      61,
      213,
      127,
      237,
      67,
      33,
      122,
      193,
      166,
      205,
      137,
      143,
      105,
      118,
      148,
      147,
      151,
      74,
      220,
      30,
      92,
      187,
      30,
      200,
      17,
      153,
      252
    ],
    255
  ],
  [
    [
      66,
      68,
      93,
      49,
      157,
      153,
      72,
      82,
      223,
      234,
      187,
      74,
      143,
      253,
      179,
      120,
      86,
      202,
      74,
      212,
      90,
      71,
      61,
      47,
      191,
      164,
      27,
      148,
      119,
      202,
      40,
      171
    ],
    254
  ]
]