[
  [
    [
      [
        69,
        6,
        142,
        195,
        169,
        144,
        28,
        86,
        206,
        161,
        86,
        75,
        208,
        125,
        19,
        26,
        241,
        197,
        244,
        10,
        42,
        165,
        220,
        125,
        92,
        204,
        8,
        243,
        32,
        144,
        247,
        203
      ],
      255
    ],
    [
      [
        196,
        121,
        103,
        31,
        37,
        109,
        123,
        31,
        46,
        104,
        125,
        109,
        222,
        98,
        222,
        239,
        221,
        117,
        201,
        49,
        217,
        172,
        3,
        195,
        104,
        243,
        245,
        193,
        9,
        27,
        10,
        172
      ],
      255
    ],
    [
      [
        18,
        83,
        31,
        14,
        177,
        170,
        120,
        249,
        121,
        116,
        204,
        8,
        179,
        91,
        159,
        173,
        79,
        62,
        25,
        235,
        201,
        129,
        194,
        238,
        44,
        253,
        240,
        252,
        179,
        124,
        106,
        247
      ],
      255
    ]
  ],
  [
    [
      [
        146,
        35,
        188,
        42,
        67,
        126,
        179,
        53,
        214,
        211,
        228,
        197,
        76,
        196,
        244,
        83,
        171,
        92,
        194,
        115,
        74,
        100,
        190,
        155,
        16,
        159,
        66,
        137,
        158,
        202,
        250,
        137
      ],
      255
    ],
    [
      [
        158,
        53,
        87,
        155,
        61,
        52,
        119,
        82,
        181,
        223,
        181,
        120,
        172,
        82,
        174,
        210,
        149,
        6,
        52,
        187,
        243,
        210,
        162,
        186,
        85,
        248,
        151,
        30,
        217,
        27,
        123,
        34
      ],
      252
    ],
    [
      [
        58,
        110,
        117,
        173,
        235,
        64,
        173,
        61,
        2,
        225,
        34,
        192,
        152,
        109,
        219,
        215,
        190,
        187,
        155,
        194,
        3,
        96,
        108,
        107,
        95,
        226,
        70,
        115,
        215,
        55,
        240,
        154
      ],
      254
    ]
  ]
]