[
  [
    [
      133,
      42,
      154,
      124,
      195,
      101,
      67,
      200,
      153,
      203,
      5,
      195,
      193,
      179,
      154,
      204,
      81,
      91,
      62,
      78,
      101,
      220,
      112,
      84,
      68,
      251,
      189,
      134,
      156,
      73,
      253,
      90
    ],
    255
  ],
  [
    [
      12,
      22,
      35,
      226,
      126,
      87,
      227,
      172,
      114,
      73,
      90,
      94,
      245,
      96,
      32,
      252,
      198,
      46,
      189,
      145,
      203,
      222,
      93,
      27,
      51,
      41,
      244,
      117,
      213,
      6,
      31,
      43
    ],
    255
  ]
]