[
  [
    [
      11,
      188,
      47,
      200,
      21,
      216,
      206,
      208,
      77,
      88,
      155,
      171,
      27,
      50,
      234,
      150,
      75,
      138,
      197,
      152,
      170,
      126,
      214,
      155,
      233,
      225,
      56,
      146,
      131,
      22,
      125,
      188
    ],
    255
  ],
  [
    [
      214,
      183,
      101,
      11,
      113,
      4,
      0,
      67,
      194,
      73,
      91,
      68,
      255,
      83,
      247,
      251,
      84,
      29,
      11,
      207,
      153,
      168,
      150,
      169,
      216,
      148,
      217,
      24,
      94,
      149,
      69,
      179
    ],
    254
  ],
  [
    [
      148,
      33,
      168,
      182,
      114,
      138,
      111,
      149,
      140,
      3,
      56,
      100,
      204,
      104,
      75,
      252,
      13,
      216,
      163,
      69,
      160,
      182,
      6,
      89,
      50,
      9,
      65,
      169,
      98,
      80,
      155,
      253
    ],
    255
  ],
  [
    [
      35,
      158,
      65,
      33,
      142,
      49,
      227,
      3,
      99,
      154,
      86,
      223,
      76,
      159,
      158,
      52,
      30,
      10,
      212,
      122,
      230,
      148,
      62,
      170,
      71,
      207,
      73,
      211,
      56,
      89,
      78,
      96
    ],
    255
  ]
]